******************************************************************************
                  TI ARM Linker PC v18.12.4                    
******************************************************************************
>> Linked Wed Feb 26 05:07:05 2020

OUTPUT FILE NAME:   <I2C.out>
ENTRY POINT SYMBOL: "_c_int00_noargs"  address: 00000d15


MEMORY CONFIGURATION

         name            origin    length      used     unused   attr    fill
----------------------  --------  ---------  --------  --------  ----  --------
  FLASH                 00000000   00040000  000010a3  0003ef5d  R  X
  SRAM                  20000000   00008000  00000515  00007aeb  RW X


SEGMENT ALLOCATION MAP

run origin  load origin   length   init length attrs members
----------  ----------- ---------- ----------- ----- -------
00000000    00000000    000010a8   000010a8    r-x
  00000000    00000000    0000026c   0000026c    r-- .intvecs
  0000026c    0000026c    00000b1a   00000b1a    r-x .text
  00000d88    00000d88    0000023d   0000023d    r-- .const
  00000fc8    00000fc8    000000e0   000000e0    r-- .cinit
20000000    20000000    00000518   00000000    rw-
  20000000    20000000    00000200   00000000    rw- .stack
  20000200    20000200    000001a5   00000000    rw- .bss
  200003a8    200003a8    00000170   00000000    rw- .data


SECTION ALLOCATION MAP

 output                                  attributes/
section   page    origin      length       input sections
--------  ----  ----------  ----------   ----------------
.intvecs   0    00000000    0000026c     
                  00000000    0000026c     tm4c123gh6pm_startup_ccs.obj (.intvecs)

.text      0    0000026c    00000b1a     
                  0000026c    000003ec     i2c.obj (.text)
                  00000658    00000318     port.obj (.text)
                  00000970    0000010c     nvic.obj (.text)
                  00000a7c    00000108     SysCtr.obj (.text)
                  00000b84    0000009c     rtsv7M4_T_le_v4SPD16_eabi.lib : memcpy_t2.asm.obj (.text)
                  00000c20    00000068                                   : copy_decompress_lzss.c.obj (.text:decompress:lzss:__TI_decompress_lzss)
                  00000c88    00000048     main.obj (.text)
                  00000cd0    00000044     rtsv7M4_T_le_v4SPD16_eabi.lib : autoinit.c.obj (.text:__TI_auto_init_nobinit_nopinit:__TI_auto_init_nobinit_nopinit)
                  00000d14    00000034                                   : boot_cortex_m.c.obj (.text:_c_int00_noargs:_c_int00_noargs)
                  00000d48    0000001c                                   : copy_zero_init.c.obj (.text:decompress:ZI:__TI_zero_init_nomemset:__TI_zero_init_nomemset)
                  00000d64    0000000e                                   : copy_decompress_none.c.obj (.text:decompress:none:__TI_decompress_none)
                  00000d72    0000000c     tm4c123gh6pm_startup_ccs.obj (.text)
                  00000d7e    00000004     rtsv7M4_T_le_v4SPD16_eabi.lib : pre_init.c.obj (.text:_system_pre_init)
                  00000d82    00000004                                   : exit.c.obj (.text:abort:abort)

.const     0    00000d88    0000023d     
                  00000d88    00000200     SysCtr.obj (.const:garrayOfU32_FreqLookupTable)
                  00000f88    00000010     i2c.obj (.const:I2c_BaseAddrArr)
                  00000f98    00000010     SysCtr_cfg.obj (.const:arr_PeripheralSysClkCfg)
                  00000fa8    0000000c     nvic_lcfg.obj (.const:NVIC_CfgArr)
                  00000fb4    0000000a     main.obj (.const:.string:$P$T0$1)
                  00000fbe    00000002     SysCtr_cfg.obj (.const:SYSCLOCK)
                  00000fc0    00000004     SysCtr_cfg.obj (.const)
                  00000fc4    00000001     nvic_lcfg.obj (.const)

.cinit     0    00000fc8    000000e0     
                  00000fc8    000000bb     (.cinit..data.load) [load image, compression = lzss]
                  00001083    00000001     --HOLE-- [fill = 0]
                  00001084    0000000c     (__TI_handler_table)
                  00001090    00000008     (.cinit..bss.load) [load image, compression = zero_init]
                  00001098    00000010     (__TI_cinit_table)

.init_array 
*          0    00000000    00000000     UNINITIALIZED

.bss       0    20000200    000001a5     UNINITIALIZED
                  20000200    000001a0     i2c.obj (.bss:I2C_ChannelParam)
                  200003a0    00000004     i2c.obj (.bss:I2C_ChannelStatus)
                  200003a4    00000001     i2c.obj (.bss)

.data      0    200003a8    00000170     UNINITIALIZED
                  200003a8    0000012d     port_lcfg.obj (.data:PortCfgArr)
                  200004d5    00000003     --HOLE--
                  200004d8    00000040     i2c_lcfg.obj (.data:I2C_CfgArr)

.stack     0    20000000    00000200     UNINITIALIZED
                  20000000    00000004     rtsv7M4_T_le_v4SPD16_eabi.lib : boot_cortex_m.c.obj (.stack)
                  20000004    000001fc     --HOLE--

MODULE SUMMARY

       Module                         code   ro data   rw data
       ------                         ----   -------   -------
    .\
       tm4c123gh6pm_startup_ccs.obj   12     620       0      
       main.obj                       72     10        0      
    +--+------------------------------+------+---------+---------+
       Total:                         84     630       0      
                                                              
    .\config\
       port_lcfg.obj                  0      0         301    
       i2c_lcfg.obj                   0      0         64     
       SysCtr_cfg.obj                 0      22        0      
       nvic_lcfg.obj                  0      13        0      
    +--+------------------------------+------+---------+---------+
       Total:                         0      35        365    
                                                              
    .\mcal\SysCtr\
       SysCtr.obj                     264    512       0      
    +--+------------------------------+------+---------+---------+
       Total:                         264    512       0      
                                                              
    .\mcal\i2c\
       i2c.obj                        1004   16        421    
    +--+------------------------------+------+---------+---------+
       Total:                         1004   16        421    
                                                              
    .\mcal\nvic\
       nvic.obj                       268    0         0      
    +--+------------------------------+------+---------+---------+
       Total:                         268    0         0      
                                                              
    .\mcal\port_driver\
       port.obj                       792    0         0      
    +--+------------------------------+------+---------+---------+
       Total:                         792    0         0      
                                                              
    C:\ti\ccs930\ccs\tools\compiler\ti-cgt-arm_18.12.4.LTS\lib\rtsv7M4_T_le_v4SPD16_eabi.lib
       memcpy_t2.asm.obj              156    0         0      
       copy_decompress_lzss.c.obj     104    0         0      
       autoinit.c.obj                 68     0         0      
       boot_cortex_m.c.obj            52     0         0      
       copy_zero_init.c.obj           28     0         0      
       copy_decompress_none.c.obj     14     0         0      
       exit.c.obj                     4      0         0      
       pre_init.c.obj                 4      0         0      
    +--+------------------------------+------+---------+---------+
       Total:                         430    0         0      
                                                              
       Stack:                         0      0         512    
       Linker Generated:              0      223       0      
    +--+------------------------------+------+---------+---------+
       Grand Total:                   2842   1416      1298   


LINKER GENERATED COPY TABLES

__TI_cinit_table @ 00001098 records: 2, size/record: 8, table size: 16
	.data: load addr=00000fc8, load size=000000bb bytes, run addr=200003a8, run size=00000170 bytes, compression=lzss
	.bss: load addr=00001090, load size=00000008 bytes, run addr=20000200, run size=000001a5 bytes, compression=zero_init


LINKER GENERATED HANDLER TABLE

__TI_handler_table @ 00001084 records: 3, size/record: 4, table size: 12
	index: 0, handler: __TI_decompress_lzss
	index: 1, handler: __TI_decompress_none
	index: 2, handler: __TI_zero_init


GLOBAL SYMBOLS: SORTED ALPHABETICALLY BY Name 

address   name                          
-------   ----                          
00000d83  C$$EXIT                       
200004d8  I2C_CfgArr                    
00000605  I2C_getStatus                 
0000036b  I2C_init                      
000004e3  I2C_readIB                    
00000501  I2C_syncTransmit              
0000045b  I2C_writeIB                   
00000611  I2c0_IntHandler               
0000061b  I2c1_IntHandler               
00000625  I2c2_IntHandler               
0000062f  I2c3_IntHandler               
00000fc0  Main_OscVlaue                 
00000fa8  NVIC_CfgArr                   
00000fc4  NVIC_GroupsSubsCfg            
00000971  NVIC_init                     
00000659  PORT_init                     
200003a8  PortCfgArr                    
00000d73  ResetISR                      
00000fbe  SYSCLOCK                      
00000b2f  SysCtr_getSysClockFreq        
00000a7d  SysCtr_init                   
20000200  __STACK_END                   
00000200  __STACK_SIZE                  
20000200  __STACK_TOP                   
00001098  __TI_CINIT_Base               
000010a8  __TI_CINIT_Limit              
00001084  __TI_Handler_Table_Base       
00001090  __TI_Handler_Table_Limit      
00000cd1  __TI_auto_init_nobinit_nopinit
00000c21  __TI_decompress_lzss          
00000d65  __TI_decompress_none          
ffffffff  __TI_pprof_out_hndl           
ffffffff  __TI_prof_data_size           
ffffffff  __TI_prof_data_start          
00000000  __TI_static_base__            
00000d49  __TI_zero_init_nomemset       
00000b85  __aeabi_memcpy                
00000b85  __aeabi_memcpy4               
00000b85  __aeabi_memcpy8               
ffffffff  __binit__                     
ffffffff  __c_args__                    
UNDEFED   __mpu_init                    
20000000  __stack                       
00000d15  _c_int00_noargs               
UNDEFED   _system_post_cinit            
00000d7f  _system_pre_init              
00000d83  abort                         
00000f98  arr_PeripheralSysClkCfg       
ffffffff  binit                         
00000000  g_pfnVectors                  
00000c89  main                          
00000b85  memcpy                        


GLOBAL SYMBOLS: SORTED BY Symbol Address 

address   name                          
-------   ----                          
00000000  __TI_static_base__            
00000000  g_pfnVectors                  
00000200  __STACK_SIZE                  
0000036b  I2C_init                      
0000045b  I2C_writeIB                   
000004e3  I2C_readIB                    
00000501  I2C_syncTransmit              
00000605  I2C_getStatus                 
00000611  I2c0_IntHandler               
0000061b  I2c1_IntHandler               
00000625  I2c2_IntHandler               
0000062f  I2c3_IntHandler               
00000659  PORT_init                     
00000971  NVIC_init                     
00000a7d  SysCtr_init                   
00000b2f  SysCtr_getSysClockFreq        
00000b85  __aeabi_memcpy                
00000b85  __aeabi_memcpy4               
00000b85  __aeabi_memcpy8               
00000b85  memcpy                        
00000c21  __TI_decompress_lzss          
00000c89  main                          
00000cd1  __TI_auto_init_nobinit_nopinit
00000d15  _c_int00_noargs               
00000d49  __TI_zero_init_nomemset       
00000d65  __TI_decompress_none          
00000d73  ResetISR                      
00000d7f  _system_pre_init              
00000d83  C$$EXIT                       
00000d83  abort                         
00000f98  arr_PeripheralSysClkCfg       
00000fa8  NVIC_CfgArr                   
00000fbe  SYSCLOCK                      
00000fc0  Main_OscVlaue                 
00000fc4  NVIC_GroupsSubsCfg            
00001084  __TI_Handler_Table_Base       
00001090  __TI_Handler_Table_Limit      
00001098  __TI_CINIT_Base               
000010a8  __TI_CINIT_Limit              
20000000  __stack                       
20000200  __STACK_END                   
20000200  __STACK_TOP                   
200003a8  PortCfgArr                    
200004d8  I2C_CfgArr                    
ffffffff  __TI_pprof_out_hndl           
ffffffff  __TI_prof_data_size           
ffffffff  __TI_prof_data_start          
ffffffff  __binit__                     
ffffffff  __c_args__                    
ffffffff  binit                         
UNDEFED   __mpu_init                    
UNDEFED   _system_post_cinit            

[52 symbols]
